[www.uscomicversand.de/neu-ausgepackt/index.html]
[backblue.gif]
[fade.gif]
[index.html]
[www.uscomicversand.de/neu-ausgepackt/index-1.html]
[www.uscomicversand.de/neu-ausgepackt/index-2.html]
[www.uscomicversand.de/neu-ausgepackt/index-3.html]
[www.uscomicversand.de/neu-ausgepackt/avengers-west-coast-epic-collection-vol-3-tales-to.html]
[www.uscomicversand.de/neu-ausgepackt/barbarella.html]
[www.uscomicversand.de/neu-ausgepackt/batman-and-the-outsiders-vol-2-a-league-of-their.html]
[www.uscomicversand.de/neu-ausgepackt/batman-by-tom-king-and-lee-weeks-deluxe-edition-hc.html]
[www.uscomicversand.de/neu-ausgepackt/batman-deluxe-edition-book-5-hc.html]
[www.uscomicversand.de/neu-ausgepackt/batman-the-caped-crusader-vol-4.html]
[www.uscomicversand.de/neu-ausgepackt/batman-detective-comics-vol-3-greetings-from-gotha.html]
[www.uscomicversand.de/neu-ausgepackt/batman-knight-out-hc.html]
[www.uscomicversand.de/neu-ausgepackt/batman-three-jokers-hc.html]
[www.uscomicversand.de/neu-ausgepackt/booster-gold-future-lost-hc.html]
[www.uscomicversand.de/neu-ausgepackt/bouncer-hc.html]
[www.uscomicversand.de/neu-ausgepackt/classic-monsters-of-pre-code-horror-comics-mummies.html]
[www.uscomicversand.de/neu-ausgepackt/conan-the-barbarian-original-marvel-years-epic-1.html]
[www.uscomicversand.de/neu-ausgepackt/crossed-vol-3-psychopath-hc-signed-by-david-lapham.html]
[www.uscomicversand.de/neu-ausgepackt/daredevil-guardian-devil.html]
[www.uscomicversand.de/neu-ausgepackt/daredevil-man-without-fear-marvel-select-edition-h.html]
[www.uscomicversand.de/neu-ausgepackt/dark-knight-returns-golden-child-the-deluxe-editit.html]
[www.uscomicversand.de/neu-ausgepackt/dceased-unkillables-hc.html]
[www.uscomicversand.de/neu-ausgepackt/death-to-the-tsar-hc.html]
[www.uscomicversand.de/neu-ausgepackt/detective-comics-1027-deluxe-edition-hc.html]
[www.uscomicversand.de/neu-ausgepackt/index.html]
[www.uscomicversand.de/neu-ausgepackt/media/favicon/apple-icon-57x57.html]
[www.uscomicversand.de/neu-ausgepackt/media/favicon/apple-icon-60x60.html]
[www.uscomicversand.de/neu-ausgepackt/media/favicon/apple-icon-72x72.html]
[www.uscomicversand.de/neu-ausgepackt/media/favicon/apple-icon-76x76.html]
[www.uscomicversand.de/neu-ausgepackt/media/favicon/apple-icon-114x114.html]
[www.uscomicversand.de/neu-ausgepackt/media/favicon/apple-icon-120x120.html]
[www.uscomicversand.de/neu-ausgepackt/media/favicon/apple-icon-144x144.html]
[www.uscomicversand.de/neu-ausgepackt/media/favicon/apple-icon-152x152.html]
[www.uscomicversand.de/neu-ausgepackt/media/favicon/apple-icon-180x180.html]
[www.uscomicversand.de/neu-ausgepackt/media/favicon/android-icon-192x192.html]
[www.uscomicversand.de/neu-ausgepackt/media/favicon/favicon-32x32.html]
[www.uscomicversand.de/neu-ausgepackt/media/favicon/favicon-96x96.html]
[www.uscomicversand.de/neu-ausgepackt/media/favicon/favicon-16x16.html]
[www.uscomicversand.de/neu-ausgepackt/media/favicon/manifest.html]
[www.uscomicversand.de/neu-ausgepackt/{text_false, icons_{primary_'ui-icon-search'}}.html]
[www.uscomicversand.de/neu-ausgepackt/{maxElements_12, horizontalAlign_'left'}.html]
[www.uscomicversand.de/neu-ausgepackt/doomsday-clock-the-complete-collection.html]
[www.uscomicversand.de/neu-ausgepackt/fallen-angels-by-bryan-hill-vol-1.html]
[www.uscomicversand.de/neu-ausgepackt/fcbd-2019-marvel-heroclix-exclusive-1872-iron-man.html]
[www.uscomicversand.de/neu-ausgepackt/ferals-vol-1.html]
[www.uscomicversand.de/neu-ausgepackt/flash-by-mark-waid-vol-7.html]
[www.uscomicversand.de/neu-ausgepackt/green-lantern-earth-on-vol-2-hc.html]
[www.uscomicversand.de/neu-ausgepackt/guardians-of-the-galaxy-somebodys-got-to-do-it-hc.html]
[www.uscomicversand.de/neu-ausgepackt/hawkman-vol-3-darkness-within.html]
[www.uscomicversand.de/neu-ausgepackt/hcf-2020-carnage-glow-in-the-dark-marvel-gallery.html]
[www.uscomicversand.de/neu-ausgepackt/hellstrom-evil-origins.html]
[www.uscomicversand.de/neu-ausgepackt/heroes-reborn-the-avengers-extended-edition.html]
[www.uscomicversand.de/neu-ausgepackt/house-of-x-powers-of-x.html]
[www.uscomicversand.de/neu-ausgepackt/idw-the-first-decade-signed-edition.html]
[www.uscomicversand.de/neu-ausgepackt/incal-exclusive-direct-market-edition-softcover.html]
[www.uscomicversand.de/neu-ausgepackt/iron-man-epic-collection-vol-4-the-fury-of-the-fir.html]
[www.uscomicversand.de/neu-ausgepackt/john-constantine-hellblazer-vol-1-marks-of-woe.html]
[www.uscomicversand.de/neu-ausgepackt/john-constantine-hellblazer-vol-23-no-future.html]
[www.uscomicversand.de/neu-ausgepackt/joker-the-deluxe-edition-hc.html]
[www.uscomicversand.de/neu-ausgepackt/joker-killer-smile-hc.html]
[www.uscomicversand.de/neu-ausgepackt/the-low-low-woods-hc.html]
[www.uscomicversand.de/neu-ausgepackt/index-1.html]
[www.uscomicversand.de/neu-ausgepackt/marvel-graphic-comic-box-empyre-set-mit-2-comicbox.html]
[www.uscomicversand.de/neu-ausgepackt/marvel-masterworks-amazing-spider-man-vol-20-hc.html]
[www.uscomicversand.de/neu-ausgepackt/mister-miracle-the-deluxe-edition-hc.html]
[www.uscomicversand.de/neu-ausgepackt/old-man-hawkeye-the-complete-collection.html]
[www.uscomicversand.de/neu-ausgepackt/plunge-hc.html]
[www.uscomicversand.de/neu-ausgepackt/powers-the-best-ever-hc.html]
[www.uscomicversand.de/neu-ausgepackt/punisher-soviet.html]
[www.uscomicversand.de/neu-ausgepackt/revenge-of-the-cosmic-ghost-rider.html]
[www.uscomicversand.de/neu-ausgepackt/robin-80-years-of-the-boy-wonder-hc.html]
[www.uscomicversand.de/neu-ausgepackt/runaways-vol-5-canon-fodder.html]
[www.uscomicversand.de/neu-ausgepackt/savage-avengers-vol-2-to-dine-with-doom.html]
[www.uscomicversand.de/neu-ausgepackt/savage-sword-of-conan-the-original-marvel-years-3.html]
[www.uscomicversand.de/neu-ausgepackt/scream-vol-1-curse-of-carnage.html]
[www.uscomicversand.de/neu-ausgepackt/sdcc-2019-deadpool-x-force-uniform-taco-truck-ed.html]
[www.uscomicversand.de/neu-ausgepackt/shazam-the-deluxe-edition-hc.html]
[www.uscomicversand.de/neu-ausgepackt/sheena-queen-of-the-jungle-vol-1.html]
[www.uscomicversand.de/neu-ausgepackt/sheena-queen-of-the-jungle-vol-2.html]
[www.uscomicversand.de/neu-ausgepackt/silver-surfer-epic-collection-vol-9-resurrection.html]
[www.uscomicversand.de/neu-ausgepackt/spider-man-gauntlet-the-complete-collection-vol-2.html]
[www.uscomicversand.de/neu-ausgepackt/star-wars-age-of-rebellion-hc.html]
[www.uscomicversand.de/neu-ausgepackt/index-2.html]
[www.uscomicversand.de/neu-ausgepackt/star-wars-age-of-resistance-heroes.html]
[www.uscomicversand.de/neu-ausgepackt/star-wars-darth-vader-dark-lord-of-the-sith-vol-2.html]
[www.uscomicversand.de/neu-ausgepackt/star-wars-jedi-fallen-order-dark-temple.html]
[www.uscomicversand.de/neu-ausgepackt/supergirl-cosmic-adventures-in-the-8th-grade.html]
[www.uscomicversand.de/neu-ausgepackt/superman-man-of-steel-vol-1-hc.html]
[www.uscomicversand.de/neu-ausgepackt/super-villains-unite-complete-super-villain-team-.html]
[www.uscomicversand.de/neu-ausgepackt/symbiote-spider-man-alien-reality.html]
[www.uscomicversand.de/neu-ausgepackt/tarot-avengers-defenders.html]
[www.uscomicversand.de/neu-ausgepackt/the-end.html]
[www.uscomicversand.de/neu-ausgepackt/thor-by-jason-aaron-vol-4-hc.html]
[www.uscomicversand.de/neu-ausgepackt/tomb-of-dracula-the-complete-collection-vol-4.html]
[www.uscomicversand.de/neu-ausgepackt/uncanny-x-men-by-kieron-gillen-complete-collection.html]
[www.uscomicversand.de/neu-ausgepackt/valkyrie-jane-foster-vol-2-at-the-end-of-all-thing.html]
[www.uscomicversand.de/neu-ausgepackt/venom-rex-marvel-select-edition-hc.html]
[www.uscomicversand.de/neu-ausgepackt/wonder-woman-hiketeia-deluxe-edition-hc.html]
[www.uscomicversand.de/neu-ausgepackt/wonder-woman-many-lives-of-maxwell-lord.html]
[www.uscomicversand.de/neu-ausgepackt/x-men-fantastic-four-4x.html]
[www.uscomicversand.de/neu-ausgepackt/x-men-epic-collection-vol-6-proteus.html]
[www.uscomicversand.de/neu-ausgepackt/x-men-milestones-necrosha.html]
[www.uscomicversand.de/neu-ausgepackt/year-of-the-villain-infected.html]
[www.uscomicversand.de/neu-ausgepackt/index-3.html]
[www.uscomicversand.de/neu-ausgepackt/avengers-west-coast-epic-collection-vol-3-tales-to.html]
[www.uscomicversand.de/neu-ausgepackt/{text_true, icons_{secondary_'ui-icon-info'}}.html]
[www.uscomicversand.de/neu-ausgepackt/barbarella.html]
[www.uscomicversand.de/neu-ausgepackt/batman-and-the-outsiders-vol-2-a-league-of-their.html]
[www.uscomicversand.de/neu-ausgepackt/batman-by-tom-king-and-lee-weeks-deluxe-edition-hc.html]
[www.uscomicversand.de/neu-ausgepackt/batman-deluxe-edition-book-5-hc.html]
[www.uscomicversand.de/neu-ausgepackt/batman-the-caped-crusader-vol-4.html]
[www.uscomicversand.de/neu-ausgepackt/batman-detective-comics-vol-3-greetings-from-gotha.html]
[www.uscomicversand.de/neu-ausgepackt/batman-knight-out-hc.html]
[www.uscomicversand.de/neu-ausgepackt/batman-three-jokers-hc.html]
[www.uscomicversand.de/neu-ausgepackt/booster-gold-future-lost-hc.html]
[www.uscomicversand.de/neu-ausgepackt/bouncer-hc.html]
[www.uscomicversand.de/neu-ausgepackt/classic-monsters-of-pre-code-horror-comics-mummies.html]
[www.uscomicversand.de/neu-ausgepackt/conan-the-barbarian-original-marvel-years-epic-1.html]
[www.uscomicversand.de/neu-ausgepackt/crossed-vol-3-psychopath-hc-signed-by-david-lapham.html]
[www.uscomicversand.de/neu-ausgepackt/daredevil-guardian-devil.html]
[www.uscomicversand.de/neu-ausgepackt/daredevil-man-without-fear-marvel-select-edition-h.html]
[www.uscomicversand.de/neu-ausgepackt/dark-knight-returns-golden-child-the-deluxe-editit.html]
[www.uscomicversand.de/neu-ausgepackt/dceased-unkillables-hc.html]
[www.uscomicversand.de/neu-ausgepackt/death-to-the-tsar-hc.html]
[www.uscomicversand.de/neu-ausgepackt/detective-comics-1027-deluxe-edition-hc.html]
[www.uscomicversand.de/neu-ausgepackt/doomsday-clock-the-complete-collection.html]
[www.uscomicversand.de/neu-ausgepackt/fallen-angels-by-bryan-hill-vol-1.html]
[www.uscomicversand.de/neu-ausgepackt/fcbd-2019-marvel-heroclix-exclusive-1872-iron-man.html]
[www.uscomicversand.de/neu-ausgepackt/ferals-vol-1.html]
[www.uscomicversand.de/neu-ausgepackt/flash-by-mark-waid-vol-7.html]
[www.uscomicversand.de/neu-ausgepackt/green-lantern-earth-on-vol-2-hc.html]
[www.uscomicversand.de/neu-ausgepackt/guardians-of-the-galaxy-somebodys-got-to-do-it-hc.html]
[www.uscomicversand.de/neu-ausgepackt/hawkman-vol-3-darkness-within.html]
[www.uscomicversand.de/neu-ausgepackt/hcf-2020-carnage-glow-in-the-dark-marvel-gallery.html]
[www.uscomicversand.de/neu-ausgepackt/hellstrom-evil-origins.html]
[www.uscomicversand.de/neu-ausgepackt/heroes-reborn-the-avengers-extended-edition.html]
[www.uscomicversand.de/neu-ausgepackt/house-of-x-powers-of-x-1.html]
[www.uscomicversand.de/neu-ausgepackt/house-of-x-powers-of-x.html]
[www.uscomicversand.de/neu-ausgepackt/idw-the-first-decade-signed-edition.html]
[www.uscomicversand.de/neu-ausgepackt/incal-exclusive-direct-market-edition-softcover.html]
[www.uscomicversand.de/neu-ausgepackt/iron-man-epic-collection-vol-4-the-fury-of-the-fir.html]
[www.uscomicversand.de/neu-ausgepackt/john-constantine-hellblazer-vol-1-marks-of-woe.html]
[www.uscomicversand.de/neu-ausgepackt/john-constantine-hellblazer-vol-23-no-future.html]
[www.uscomicversand.de/neu-ausgepackt/joker-the-deluxe-edition-hc.html]
[www.uscomicversand.de/neu-ausgepackt/joker-killer-smile-hc.html]
[www.uscomicversand.de/neu-ausgepackt/the-low-low-woods-hc.html]
[www.uscomicversand.de/neu-ausgepackt/marvel-graphic-comic-box-empyre-set-mit-2-comicbox.html]
[www.uscomicversand.de/neu-ausgepackt/marvel-masterworks-amazing-spider-man-vol-20-hc.html]
[www.uscomicversand.de/neu-ausgepackt/mister-miracle-the-deluxe-edition-hc.html]
[www.uscomicversand.de/neu-ausgepackt/old-man-hawkeye-the-complete-collection.html]
[www.uscomicversand.de/neu-ausgepackt/plunge-hc.html]
[www.uscomicversand.de/neu-ausgepackt/powers-the-best-ever-hc-1.html]
[www.uscomicversand.de/neu-ausgepackt/powers-the-best-ever-hc-2.html]
[www.uscomicversand.de/neu-ausgepackt/powers-the-best-ever-hc.html]
[www.uscomicversand.de/neu-ausgepackt/punisher-soviet.html]
[www.uscomicversand.de/neu-ausgepackt/revenge-of-the-cosmic-ghost-rider.html]
[www.uscomicversand.de/neu-ausgepackt/robin-80-years-of-the-boy-wonder-hc.html]
[www.uscomicversand.de/neu-ausgepackt/runaways-vol-5-canon-fodder-1.html]
[www.uscomicversand.de/neu-ausgepackt/runaways-vol-5-canon-fodder.html]
[www.uscomicversand.de/neu-ausgepackt/savage-avengers-vol-2-to-dine-with-doom.html]
[www.uscomicversand.de/neu-ausgepackt/savage-sword-of-conan-the-original-marvel-years-3.html]
[www.uscomicversand.de/neu-ausgepackt/scream-vol-1-curse-of-carnage.html]
[www.uscomicversand.de/neu-ausgepackt/sdcc-2019-deadpool-x-force-uniform-taco-truck-ed.html]
[www.uscomicversand.de/neu-ausgepackt/shazam-the-deluxe-edition-hc.html]
[www.uscomicversand.de/neu-ausgepackt/sheena-queen-of-the-jungle-vol-1.html]
[www.uscomicversand.de/neu-ausgepackt/sheena-queen-of-the-jungle-vol-2.html]
[www.uscomicversand.de/neu-ausgepackt/silver-surfer-epic-collection-vol-9-resurrection-1.html]
[www.uscomicversand.de/neu-ausgepackt/silver-surfer-epic-collection-vol-9-resurrection.html]
[www.uscomicversand.de/neu-ausgepackt/spider-man-gauntlet-the-complete-collection-vol-2.html]
[www.uscomicversand.de/neu-ausgepackt/star-wars-age-of-rebellion-hc.html]
[www.uscomicversand.de/neu-ausgepackt/star-wars-age-of-resistance-heroes.html]
[www.uscomicversand.de/neu-ausgepackt/star-wars-darth-vader-dark-lord-of-the-sith-vol-2.html]
[www.uscomicversand.de/neu-ausgepackt/star-wars-jedi-fallen-order-dark-temple.html]
[www.uscomicversand.de/neu-ausgepackt/supergirl-cosmic-adventures-in-the-8th-grade.html]
[www.uscomicversand.de/neu-ausgepackt/superman-man-of-steel-vol-1-hc.html]
[www.uscomicversand.de/neu-ausgepackt/super-villains-unite-complete-super-villain-team-.html]
[www.uscomicversand.de/neu-ausgepackt/symbiote-spider-man-alien-reality.html]
[www.uscomicversand.de/neu-ausgepackt/tarot-avengers-defenders.html]
[www.uscomicversand.de/neu-ausgepackt/the-end.html]
[www.uscomicversand.de/neu-ausgepackt/thor-by-jason-aaron-vol-4-hc.html]
[www.uscomicversand.de/neu-ausgepackt/tomb-of-dracula-the-complete-collection-vol-4.html]
[www.uscomicversand.de/neu-ausgepackt/uncanny-x-men-by-kieron-gillen-complete-collection.html]
[www.uscomicversand.de/neu-ausgepackt/valkyrie-jane-foster-vol-2-at-the-end-of-all-thing.html]
[www.uscomicversand.de/neu-ausgepackt/venom-rex-marvel-select-edition-hc.html]
[www.uscomicversand.de/neu-ausgepackt/wonder-woman-hiketeia-deluxe-edition-hc.html]
[www.uscomicversand.de/neu-ausgepackt/wonder-woman-many-lives-of-maxwell-lord.html]
[www.uscomicversand.de/neu-ausgepackt/x-men-fantastic-four-4x.html]
[www.uscomicversand.de/neu-ausgepackt/x-men-epic-collection-vol-6-proteus-1.html]
[www.uscomicversand.de/neu-ausgepackt/x-men-epic-collection-vol-6-proteus.html]
[www.uscomicversand.de/neu-ausgepackt/x-men-milestones-necrosha-1.html]
[www.uscomicversand.de/neu-ausgepackt/x-men-milestones-necrosha-2.html]
[www.uscomicversand.de/neu-ausgepackt/x-men-milestones-necrosha-3.html]
[www.uscomicversand.de/neu-ausgepackt/x-men-milestones-necrosha.html]
[www.uscomicversand.de/neu-ausgepackt/year-of-the-villain-infected.html]
[www.uscomicversand.de/neu-ausgepackt/{text_true, icons_{primary_'ui-icon-cart'}}.html]
[www.uscomicversand.de/neu-ausgepackt/{_validate__{_required__true,_email__true,_messages__{_required___Bitte geben Sie Ihre Emailadresse ein_,_email___Dies ist keine gültige Emailadresse_}}}.html]
[www.uscomicversand.de/neu-ausgepackt/{_validate__{_required__true,_messages__{_required___Bitte schreiben Sie hier Ihre Anfrage hin_}}}.html]
[www.uscomicversand.de/neu-ausgepackt/interner-fehler.html]
[www.uscomicversand.de/neu-ausgepackt/erfolgreich-gesendet.html]
[www.uscomicversand.de/neu-ausgepackt/{icons_ {secondary_ _ui-icon-triangle-1-e_}}.html]
[www.uscomicversand.de/neu-ausgepackt/{maxElements_12, horizontalAlign_'right'}.html]
[www.uscomicversand.de/neu-ausgepackt/house-of-x-powers-of-x-1.html]
[www.uscomicversand.de/neu-ausgepackt/powers-the-best-ever-hc-1.html]
[www.uscomicversand.de/neu-ausgepackt/powers-the-best-ever-hc-2.html]
[www.uscomicversand.de/neu-ausgepackt/runaways-vol-5-canon-fodder-1.html]
[www.uscomicversand.de/neu-ausgepackt/silver-surfer-epic-collection-vol-9-resurrection-1.html]
[www.uscomicversand.de/neu-ausgepackt/x-men-epic-collection-vol-6-proteus-1.html]
[www.uscomicversand.de/neu-ausgepackt/x-men-milestones-necrosha-1.html]
[www.uscomicversand.de/neu-ausgepackt/x-men-milestones-necrosha-2.html]
[www.uscomicversand.de/neu-ausgepackt/x-men-milestones-necrosha-3.html]
